// Jest Snapshot v1, https://goo.gl/fbAQLP

exports[`<Settings /> renders correctly 1`] = `
<div
  className="ui container"
  style={
    Object {
      "marginTop": "1rem",
    }
  }
>
  <h1
    className="ui header"
    style={
      Object {
        "margin": "1.5rem 0",
      }
    }
  >
    Contacts Manager Demo
  </h1>
  <div
    className="ui tabular menu"
  >
    <div
      className="item"
      onClick={[Function]}
    >
      <a
        href="/employees"
        onClick={[Function]}
      >
        Employees
      </a>
    </div>
    <div
      className="active item"
      onClick={[Function]}
    >
      <a
        href="/settings"
        onClick={[Function]}
      >
        Settings
      </a>
    </div>
  </div>
  <div
    className="ui container"
  >
    <h3
      className="ui header"
    >
      Settings
    </h3>
    <form
      action={undefined}
      className="ui form"
      onSubmit={[Function]}
    >
      <div
        className="field"
      >
        <div
          className="ui checkbox"
          onChange={[Function]}
          onClick={[Function]}
          onMouseDown={[Function]}
        >
          <input
            checked={false}
            className="hidden"
            disabled={undefined}
            id={undefined}
            name={undefined}
            onClick={[Function]}
            readOnly={true}
            tabIndex={0}
            type="checkbox"
            value={undefined}
          />
          <label
            htmlFor={undefined}
          >
            Value 1
          </label>
        </div>
      </div>
      <div
        className="field"
      >
        <div
          className="ui checkbox"
          onChange={[Function]}
          onClick={[Function]}
          onMouseDown={[Function]}
        >
          <input
            checked={false}
            className="hidden"
            disabled={undefined}
            id={undefined}
            name={undefined}
            onClick={[Function]}
            readOnly={true}
            tabIndex={0}
            type="checkbox"
            value={undefined}
          />
          <label
            htmlFor={undefined}
          >
            Value 2
          </label>
        </div>
      </div>
      <div
        className="field"
      >
        <div
          className="ui checkbox"
          onChange={[Function]}
          onClick={[Function]}
          onMouseDown={[Function]}
        >
          <input
            checked={false}
            className="hidden"
            disabled={undefined}
            id={undefined}
            name={undefined}
            onClick={[Function]}
            readOnly={true}
            tabIndex={0}
            type="checkbox"
            value={undefined}
          />
          <label
            htmlFor={undefined}
          >
            Value 3
          </label>
        </div>
      </div>
      <div
        className="field"
      >
        <div
          className="ui checkbox"
          onChange={[Function]}
          onClick={[Function]}
          onMouseDown={[Function]}
        >
          <input
            checked={false}
            className="hidden"
            disabled={undefined}
            id={undefined}
            name={undefined}
            onClick={[Function]}
            readOnly={true}
            tabIndex={0}
            type="checkbox"
            value={undefined}
          />
          <label
            htmlFor={undefined}
          >
            Value 4
          </label>
        </div>
      </div>
      <button
        className="ui button"
        disabled={undefined}
        onClick={[Function]}
        role="button"
        tabIndex={undefined}
        type="submit"
      >
        Save
      </button>
       or 
      <a
        href="/employees"
        onClick={[Function]}
      >
        Cancel
      </a>
    </form>
  </div>
</div>
`;
